1/15/2026, 11:35:41 AM - GET requested for /
1/15/2026, 11:35:50 AM - GET requested for /about
1/15/2026, 11:49:17 AM - GET requested for /about
1/15/2026, 11:49:19 AM - GET requested for /about
1/15/2026, 11:49:26 AM - GET requested for /
1/15/2026, 2:23:59 PM - GET requested for /
1/15/2026, 2:23:59 PM - GET requested for /favicon.ico
1/15/2026, 2:24:04 PM - GET requested for /about
1/15/2026, 2:24:19 PM - GET requested for /about?=%22Ayushman%22
1/15/2026, 2:24:31 PM - GET requested for /about?%22Ayushman%22
1/15/2026, 2:25:18 PM - GET requested for /about?name=%22Ayushman%22
1/15/2026, 2:26:31 PM - GET requested for /about?name=%22Ayushman%22
1/15/2026, 2:26:36 PM - GET requested for /about
1/15/2026, 2:26:47 PM - GET requested for /about
1/15/2026, 2:26:48 PM - GET requested for /about
1/15/2026, 2:26:49 PM - GET requested for /about
1/15/2026, 2:26:49 PM - GET requested for /about
1/15/2026, 2:26:50 PM - GET requested for /about
1/15/2026, 2:26:56 PM - GET requested for /about
1/15/2026, 2:27:53 PM - GET requested for /about
1/15/2026, 2:28:01 PM - GET requested for /about?name=%22Ayushman%22
1/15/2026, 2:28:46 PM - GET requested for /about?name=Ayushman
1/15/2026, 2:28:55 PM - GET requested for /about?name=Ayushman
1/15/2026, 2:29:37 PM - GET requested for /about?name=Ayushman
1/15/2026, 2:29:44 PM - GET requested for /about?name=Ayushman
1/15/2026, 2:29:49 PM - GET requested for /about
1/15/2026, 2:29:53 PM - GET requested for /aboutsdf
1/15/2026, 2:29:56 PM - GET requested for /about
1/15/2026, 2:30:00 PM - GET requested for /about?name=Ayushman
